// Jest Snapshot v1, https://goo.gl/fbAQLP

exports[`OE - Search Bar renders correctly 1`] = `
<jest>
  <p
    class="form-label"
  >
    Search bar label
  </p>
  <div
    class="bcl-search-bar"
  >
    <svg
      class="bcl-search-bar__icon bi icon--xs"
    >
      <use
        xlink:href="#search"
      />
    </svg>
    <label
      class="form-label"
    >
      Search bar label
    </label>
    <input
      class="bcl-search-bar__input form-control"
      placeholder="Search"
      type="search"
    />
  </div>
</jest>
`;
